apiVersion: networking.k8s.io/v1
kind: NetworkPolicy
metadata:
  creationTimestamp: null
  name: checkoutservice-network
  namespace: demo
spec:
  egress:
  - ports:
    - port: 50051
      protocol: TCP
    to:
    - podSelector:
        matchLabels:
          app: paymentservice
  podSelector:
    matchLabels:
      app: checkoutservice
  policyTypes:
  - Ingress
  - Egress
